FIRST TEST
>python TextChecker.py --textlanguage=de tests/detest1.txt 
<errors>
<error from="4" to="12"><message>Komma bevor dass</message></error>
<error from="33" to="42"><message>Nach ich Verb mit e Endung</message></error>
<error from="53" to="61"><message>Nach ich Verb mit e Endung</message></error>
<error from="63" to="74"><message>Infinitiv nur mit korrektem Hilfsverb nach ich</message></error>
<error from="74" to="81"><message>Nach du/wir Verb nicht mit st Endung</message></error>
<error from="83" to="91"><message>Nach wir Werb mit en Endung</message></error>
<error from="93" to="102"><message>Nach ihr Werb mit t Endung</message></error>
<error from="131" to="145"><message>Infinitiv nur mit korrektem Hilfsverb nach ihr</message></error>
<error from="147" to="157"><message>Infinitiv nur mit korrektem Hilfsverb nach du</message></error>
<error from="157" to="168"><message>Infinitiv nur mit korrektem Hilfsverb nach ich, du, er, ihr</message></error>
<error from="183" to="198"><message>Infinitiv nur mit korrektem Hilfsverb nach ihr</message></error>
<error from="200" to="209"><message>Nach ich Verb mit e Endung</message></error>
<error from="217" to="226"><message>Nach du/wir Verb nicht mit st Endung</message></error>
<error from="234" to="244"><message>Das mit nicht neutralem Nomen</message></error>
<error from="246" to="254"><message>Der mit nicht maennlichem nomen</message></error>
<error from="256" to="264"><message>Dem mit weiblichem Nomen</message></error>
<error from="266" to="274"><message>Den mit nicht maennlichem Nomen</message></error>
<error from="276" to="284"><message>Den mit nicht maennlichem Nomen</message></error>
<error from="290" to="299"><message>Komma bevor dass</message></error>
<error from="328" to="339"><message>Genitive Praepositionen folgt Genitiv</message></error>
<error from="352" to="358"><message>Dative Praepositionen folgt Dativ</message></error>
<error from="370" to="377"><message>Accusative Praepositionen folgt Acc.</message></error>
<error from="390" to="397"><message>Acc/Dative Praepositionen folgt Acc/Dativ</message></error>
<error from="412" to="422"><message>Accusative Praepositionen folgt Acc.</message></error>
</errors>

SECOND TEST
>python TextChecker.py --textlanguage=de tests/detest2.txt
<errors>
<error from="0" to="9"><message>Nach ich Verb mit e Endung</message></error>
<error from="11" to="20"><message>Nach ich Verb mit e Endung</message></error>
<error from="22" to="40"><message>Nach der Adjektiv mit e oder en</message></error>
<error from="42" to="58"><message>Nach der Adjektiv mit e oder en</message></error>
<error from="64" to="75"><message>Nach adjer (z.B. guter) muss adjer (z.b. lieber) folgen</message></error>
<error from="86" to="97"><message>Nach adjem (z.B. gutem) muss adjem (z.b. liebem) folgen</message></error>
<error from="109" to="119"><message>Nach adje (z.B. gute) muss adje (z.b. liebe) folgen</message></error>
<error from="131" to="141"><message>Nach adjer (z.B. guter) muss adjer (z.b. lieber) folgen</message></error>
<error from="152" to="163"><message>Nach adjes (z.B. gutes) muss adjes (z.b. liebes) folgen</message></error>
<error from="174" to="186"><message>Nach adjer (z.B. guter) muss adjer (z.b. lieber) folgen</message></error>
</errors>

