FIRST TEST
>python TextChecker.py --textlanguage=en tests/entest1.txt
<errors>
<error from="2" to="5">You repeated a word. Maybe you should <em>remove</em> one of the words?</error>
<error from="8" to="11">You repeated a word. Maybe you should <em>remove</em> one of the words?</error>
<error from="44" to="65"><message>after verb put a comma before <em>Because</em>.</message></error>
<error from="85" to="90"><message>Did you mean "of <em>course</em>" (=naturally)?</message></error>
<error from="147" to="168"><message>after verb put a comma before <em>Because</em>.</message></error>
</errors>

SECOND TEST
>python TextChecker.py tests/entest2.txt
<errors>
</errors>

THIRD TEST
>python TextChecker.py tests/entest3.txt
<errors>
<error from="3" to="8"><message>Did you mean "of <em>course</em>" (=naturally)?</message></error>
</errors>

FOURTH TEST
>python TextChecker.py --textlanguage=en tests/entest4.txt
<errors>

</errors>

FIFTH TEST
>python TextChecker.py --textlanguage=en tests/entest5.txt
<errors>
<error from="19" to="21"><message>Did you mean <em>it</em>?</message></error>
</errors>

SIXTH TEST
>python TextChecker.py --textlanguage=en tests/entest6.txt
<errors>
<error from="27" to="32"><message>Did you mean "of <em>course</em>" (=naturally)?</message></error>
<error from="140" to="142"><message>Did you mean <em>it</em>?</message></error>
<error from="197" to="201"><message>Comparison requires <em>than</em>.</message></error>
</errors>

SEVENTH TEST
>python TextChecker.py --textlanguage=en tests/entest7.txt
<errors>
<error from="8" to="14"><message>Modal verbs like 'will'/'might'/... require base form of verb.</message></error>
<error from="53" to="57"><message>Comparison is written "as (adjective) <em>as</em>".</message></error>
<error from="73" to="77"><message>Modal verbs like 'will'/'might'/... require base form of verb.</message></error>
<error from="112" to="116"><message>Comparison is written "as (adjective) <em>as</em>".</message></error>
</errors>

